// Jest Snapshot v1, https://goo.gl/fbAQLP

exports[`renders correctly 1`] = `
<DocumentFragment>
  <div
    class="calculator-grid"
  >
    <div
      class="output"
    >
      <div
        class="previous-operand"
      />
      <div
        class="current-operand"
      >
        0
      </div>
    </div>
    <button
      type="button"
    >
      AC
    </button>
    <button
      type="button"
    >
      +/-
    </button>
    <button
      type="button"
    >
      %
    </button>
    <button
      class="colored"
      type="button"
    >
      รท
    </button>
    <button
      type="button"
    >
      7
    </button>
    <button
      type="button"
    >
      8
    </button>
    <button
      type="button"
    >
      9
    </button>
    <button
      class="colored"
      type="button"
    >
      x
    </button>
    <button
      type="button"
    >
      4
    </button>
    <button
      type="button"
    >
      5
    </button>
    <button
      type="button"
    >
      6
    </button>
    <button
      class="colored"
      type="button"
    >
      -
    </button>
    <button
      type="button"
    >
      1
    </button>
    <button
      type="button"
    >
      2
    </button>
    <button
      type="button"
    >
      3
    </button>
    <button
      class="colored"
      type="button"
    >
      +
    </button>
    <button
      class="span-two"
      type="button"
    >
      0
    </button>
    <button
      type="button"
    >
      .
    </button>
    <button
      class="colored"
      type="button"
    >
      =
    </button>
  </div>
</DocumentFragment>
`;
